Archive member included because of file (symbol)

c:/users/hp/downloads/telegram desktop/sdk_win_64/sdk_win_64/winavr/bin/../lib/gcc/avr/4.3.3/avr5\libgcc.a(_mulsi3.o)
                              ./HAL/5-SERVO_MOTOR/SERVO_MOTOR_program.o (__mulsi3)
c:/users/hp/downloads/telegram desktop/sdk_win_64/sdk_win_64/winavr/bin/../lib/gcc/avr/4.3.3/avr5\libgcc.a(_udivmodsi4.o)
                              ./HAL/5-SERVO_MOTOR/SERVO_MOTOR_program.o (__udivmodsi4)
c:/users/hp/downloads/telegram desktop/sdk_win_64/sdk_win_64/winavr/bin/../lib/gcc/avr/4.3.3/avr5\libgcc.a(_exit.o)
                              c:/users/hp/downloads/telegram desktop/sdk_win_64/sdk_win_64/winavr/bin/../lib/gcc/avr/4.3.3/../../../../avr/lib/avr5/crtm16.o (exit)
c:/users/hp/downloads/telegram desktop/sdk_win_64/sdk_win_64/winavr/bin/../lib/gcc/avr/4.3.3/avr5\libgcc.a(_copy_data.o)
                              ./HAL/2-KPD/KPD_program.o (__do_copy_data)
c:/users/hp/downloads/telegram desktop/sdk_win_64/sdk_win_64/winavr/bin/../lib/gcc/avr/4.3.3/avr5\libgcc.a(_clear_bss.o)
                              ./MCAL/5-TIMERS/TIMERS_program.o (__do_clear_bss)
c:/users/hp/downloads/telegram desktop/sdk_win_64/sdk_win_64/winavr/bin/../lib/gcc/avr/4.3.3/avr5\libgcc.a(_fixunssfsi.o)
                              ./HAL/4-STEPPER_MOTOR/STEPPER_MOTOR_program.o (__fixunssfsi)
c:/users/hp/downloads/telegram desktop/sdk_win_64/sdk_win_64/winavr/bin/../lib/gcc/avr/4.3.3/avr5\libgcc.a(_addsub_sf.o)
                              c:/users/hp/downloads/telegram desktop/sdk_win_64/sdk_win_64/winavr/bin/../lib/gcc/avr/4.3.3/avr5\libgcc.a(_fixunssfsi.o) (__subsf3)
c:/users/hp/downloads/telegram desktop/sdk_win_64/sdk_win_64/winavr/bin/../lib/gcc/avr/4.3.3/avr5\libgcc.a(_mul_sf.o)
                              ./HAL/4-STEPPER_MOTOR/STEPPER_MOTOR_program.o (__mulsf3)
c:/users/hp/downloads/telegram desktop/sdk_win_64/sdk_win_64/winavr/bin/../lib/gcc/avr/4.3.3/avr5\libgcc.a(_div_sf.o)
                              ./HAL/1-LCD/LCD_program.o (__divsf3)
c:/users/hp/downloads/telegram desktop/sdk_win_64/sdk_win_64/winavr/bin/../lib/gcc/avr/4.3.3/avr5\libgcc.a(_gt_sf.o)
                              ./HAL/4-STEPPER_MOTOR/STEPPER_MOTOR_program.o (__gtsf2)
c:/users/hp/downloads/telegram desktop/sdk_win_64/sdk_win_64/winavr/bin/../lib/gcc/avr/4.3.3/avr5\libgcc.a(_ge_sf.o)
                              c:/users/hp/downloads/telegram desktop/sdk_win_64/sdk_win_64/winavr/bin/../lib/gcc/avr/4.3.3/avr5\libgcc.a(_fixunssfsi.o) (__gesf2)
c:/users/hp/downloads/telegram desktop/sdk_win_64/sdk_win_64/winavr/bin/../lib/gcc/avr/4.3.3/avr5\libgcc.a(_lt_sf.o)
                              ./HAL/4-STEPPER_MOTOR/STEPPER_MOTOR_program.o (__ltsf2)
c:/users/hp/downloads/telegram desktop/sdk_win_64/sdk_win_64/winavr/bin/../lib/gcc/avr/4.3.3/avr5\libgcc.a(_sf_to_si.o)
                              c:/users/hp/downloads/telegram desktop/sdk_win_64/sdk_win_64/winavr/bin/../lib/gcc/avr/4.3.3/avr5\libgcc.a(_fixunssfsi.o) (__fixsfsi)
c:/users/hp/downloads/telegram desktop/sdk_win_64/sdk_win_64/winavr/bin/../lib/gcc/avr/4.3.3/avr5\libgcc.a(_thenan_sf.o)
                              c:/users/hp/downloads/telegram desktop/sdk_win_64/sdk_win_64/winavr/bin/../lib/gcc/avr/4.3.3/avr5\libgcc.a(_addsub_sf.o) (__thenan_sf)
c:/users/hp/downloads/telegram desktop/sdk_win_64/sdk_win_64/winavr/bin/../lib/gcc/avr/4.3.3/avr5\libgcc.a(_prologue.o)
                              c:/users/hp/downloads/telegram desktop/sdk_win_64/sdk_win_64/winavr/bin/../lib/gcc/avr/4.3.3/avr5\libgcc.a(_addsub_sf.o) (__prologue_saves__)
c:/users/hp/downloads/telegram desktop/sdk_win_64/sdk_win_64/winavr/bin/../lib/gcc/avr/4.3.3/avr5\libgcc.a(_epilogue.o)
                              c:/users/hp/downloads/telegram desktop/sdk_win_64/sdk_win_64/winavr/bin/../lib/gcc/avr/4.3.3/avr5\libgcc.a(_addsub_sf.o) (__epilogue_restores__)
c:/users/hp/downloads/telegram desktop/sdk_win_64/sdk_win_64/winavr/bin/../lib/gcc/avr/4.3.3/avr5\libgcc.a(_pack_sf.o)
                              c:/users/hp/downloads/telegram desktop/sdk_win_64/sdk_win_64/winavr/bin/../lib/gcc/avr/4.3.3/avr5\libgcc.a(_addsub_sf.o) (__pack_f)
c:/users/hp/downloads/telegram desktop/sdk_win_64/sdk_win_64/winavr/bin/../lib/gcc/avr/4.3.3/avr5\libgcc.a(_unpack_sf.o)
                              c:/users/hp/downloads/telegram desktop/sdk_win_64/sdk_win_64/winavr/bin/../lib/gcc/avr/4.3.3/avr5\libgcc.a(_addsub_sf.o) (__unpack_f)
c:/users/hp/downloads/telegram desktop/sdk_win_64/sdk_win_64/winavr/bin/../lib/gcc/avr/4.3.3/avr5\libgcc.a(_fpcmp_parts_sf.o)
                              c:/users/hp/downloads/telegram desktop/sdk_win_64/sdk_win_64/winavr/bin/../lib/gcc/avr/4.3.3/avr5\libgcc.a(_gt_sf.o) (__fpcmp_parts_f)

Allocating common symbols
Common symbol       size              file

stepper_direction   0x1               ./APP/main.o
Local_u8_input      0x4               ./APP/main.o

Memory Configuration

Name             Origin             Length             Attributes
text             0x00000000         0x00020000         xr
data             0x00800060         0x0000ffa0         rw !x
eeprom           0x00810000         0x00010000         rw !x
fuse             0x00820000         0x00000400         rw !x
lock             0x00830000         0x00000400         rw !x
signature        0x00840000         0x00000400         rw !x
*default*        0x00000000         0xffffffff

Linker script and memory map

LOAD c:/users/hp/downloads/telegram desktop/sdk_win_64/sdk_win_64/winavr/bin/../lib/gcc/avr/4.3.3/../../../../avr/lib/avr5/crtm16.o
LOAD ./MCAL/6-WDT/WDT_program.o
LOAD ./MCAL/5-TIMERS/TIMERS_program.o
LOAD ./MCAL/4-ADC/ADC_program.o
LOAD ./MCAL/3-GI/GI_program.o
LOAD ./MCAL/1-DIO/DIO_program.o
LOAD ./HAL/5-SERVO_MOTOR/SERVO_MOTOR_program.o
LOAD ./HAL/4-STEPPER_MOTOR/STEPPER_MOTOR_program.o
LOAD ./HAL/3-DC_Motor/DC_MOTOR_program.o
LOAD ./HAL/2-KPD/KPD_program.o
LOAD ./HAL/1-LCD/LCD_program.o
LOAD ./APP/main.o
LOAD c:/users/hp/downloads/telegram desktop/sdk_win_64/sdk_win_64/winavr/bin/../lib/gcc/avr/4.3.3/avr5\libgcc.a
LOAD c:/users/hp/downloads/telegram desktop/sdk_win_64/sdk_win_64/winavr/bin/../lib/gcc/avr/4.3.3/../../../../avr/lib/avr5\libc.a
LOAD c:/users/hp/downloads/telegram desktop/sdk_win_64/sdk_win_64/winavr/bin/../lib/gcc/avr/4.3.3/avr5\libgcc.a

.hash
 *(.hash)

.dynsym
 *(.dynsym)

.dynstr
 *(.dynstr)

.gnu.version
 *(.gnu.version)

.gnu.version_d
 *(.gnu.version_d)

.gnu.version_r
 *(.gnu.version_r)

.rel.init
 *(.rel.init)

.rela.init
 *(.rela.init)

.rel.text
 *(.rel.text)
 *(.rel.text.*)
 *(.rel.gnu.linkonce.t*)

.rela.text
 *(.rela.text)
 *(.rela.text.*)
 *(.rela.gnu.linkonce.t*)

.rel.fini
 *(.rel.fini)

.rela.fini
 *(.rela.fini)

.rel.rodata
 *(.rel.rodata)
 *(.rel.rodata.*)
 *(.rel.gnu.linkonce.r*)

.rela.rodata
 *(.rela.rodata)
 *(.rela.rodata.*)
 *(.rela.gnu.linkonce.r*)

.rel.data
 *(.rel.data)
 *(.rel.data.*)
 *(.rel.gnu.linkonce.d*)

.rela.data
 *(.rela.data)
 *(.rela.data.*)
 *(.rela.gnu.linkonce.d*)

.rel.ctors
 *(.rel.ctors)

.rela.ctors
 *(.rela.ctors)

.rel.dtors
 *(.rel.dtors)

.rela.dtors
 *(.rela.dtors)

.rel.got
 *(.rel.got)

.rela.got
 *(.rela.got)

.rel.bss
 *(.rel.bss)

.rela.bss
 *(.rela.bss)

.rel.plt
 *(.rel.plt)

.rela.plt
 *(.rela.plt)

.text           0x00000000     0x4042
 *(.vectors)
 .vectors       0x00000000       0x54 c:/users/hp/downloads/telegram desktop/sdk_win_64/sdk_win_64/winavr/bin/../lib/gcc/avr/4.3.3/../../../../avr/lib/avr5/crtm16.o
                0x00000000                __vectors
                0x00000000                __vector_default
 *(.vectors)
 *(.progmem.gcc*)
 *(.progmem*)
                0x00000054                . = ALIGN (0x2)
                0x00000054                __trampolines_start = .
 *(.trampolines)
 .trampolines   0x00000054        0x0 linker stubs
 *(.trampolines*)
                0x00000054                __trampolines_end = .
 *(.jumptables)
 *(.jumptables*)
 *(.lowtext)
 *(.lowtext*)
                0x00000054                __ctors_start = .
 *(.ctors)
                0x00000054                __ctors_end = .
                0x00000054                __dtors_start = .
 *(.dtors)
                0x00000054                __dtors_end = .
 SORT(*)(.ctors)
 SORT(*)(.dtors)
 *(.init0)
 .init0         0x00000054        0x0 c:/users/hp/downloads/telegram desktop/sdk_win_64/sdk_win_64/winavr/bin/../lib/gcc/avr/4.3.3/../../../../avr/lib/avr5/crtm16.o
                0x00000054                __init
 *(.init0)
 *(.init1)
 *(.init1)
 *(.init2)
 .init2         0x00000054        0xc c:/users/hp/downloads/telegram desktop/sdk_win_64/sdk_win_64/winavr/bin/../lib/gcc/avr/4.3.3/../../../../avr/lib/avr5/crtm16.o
 *(.init2)
 *(.init3)
 *(.init3)
 *(.init4)
 .init4         0x00000060       0x16 c:/users/hp/downloads/telegram desktop/sdk_win_64/sdk_win_64/winavr/bin/../lib/gcc/avr/4.3.3/avr5\libgcc.a(_copy_data.o)
                0x00000060                __do_copy_data
 .init4         0x00000076       0x10 c:/users/hp/downloads/telegram desktop/sdk_win_64/sdk_win_64/winavr/bin/../lib/gcc/avr/4.3.3/avr5\libgcc.a(_clear_bss.o)
                0x00000076                __do_clear_bss
 *(.init4)
 *(.init5)
 *(.init5)
 *(.init6)
 *(.init6)
 *(.init7)
 *(.init7)
 *(.init8)
 *(.init8)
 *(.init9)
 .init9         0x00000086        0x8 c:/users/hp/downloads/telegram desktop/sdk_win_64/sdk_win_64/winavr/bin/../lib/gcc/avr/4.3.3/../../../../avr/lib/avr5/crtm16.o
 *(.init9)
 *(.text)
 .text          0x0000008e        0x4 c:/users/hp/downloads/telegram desktop/sdk_win_64/sdk_win_64/winavr/bin/../lib/gcc/avr/4.3.3/../../../../avr/lib/avr5/crtm16.o
                0x0000008e                __vector_1
                0x0000008e                __vector_12
                0x0000008e                __bad_interrupt
                0x0000008e                __vector_6
                0x0000008e                __vector_3
                0x0000008e                __vector_13
                0x0000008e                __vector_17
                0x0000008e                __vector_19
                0x0000008e                __vector_7
                0x0000008e                __vector_5
                0x0000008e                __vector_4
                0x0000008e                __vector_9
                0x0000008e                __vector_2
                0x0000008e                __vector_15
                0x0000008e                __vector_8
                0x0000008e                __vector_14
                0x0000008e                __vector_18
                0x0000008e                __vector_20
 .text          0x00000092        0x0 ./MCAL/6-WDT/WDT_program.o
 .text          0x00000092        0x0 ./MCAL/5-TIMERS/TIMERS_program.o
 .text          0x00000092        0x0 ./MCAL/4-ADC/ADC_program.o
 .text          0x00000092        0x0 ./MCAL/3-GI/GI_program.o
 .text          0x00000092        0x0 ./MCAL/1-DIO/DIO_program.o
 .text          0x00000092        0x0 ./HAL/5-SERVO_MOTOR/SERVO_MOTOR_program.o
 .text          0x00000092        0x0 ./HAL/4-STEPPER_MOTOR/STEPPER_MOTOR_program.o
 .text          0x00000092        0x0 ./HAL/3-DC_Motor/DC_MOTOR_program.o
 .text          0x00000092        0x0 ./HAL/2-KPD/KPD_program.o
 .text          0x00000092        0x0 ./HAL/1-LCD/LCD_program.o
 .text          0x00000092        0x0 ./APP/main.o
 .text          0x00000092        0x0 c:/users/hp/downloads/telegram desktop/sdk_win_64/sdk_win_64/winavr/bin/../lib/gcc/avr/4.3.3/avr5\libgcc.a(_mulsi3.o)
 .text          0x00000092        0x0 c:/users/hp/downloads/telegram desktop/sdk_win_64/sdk_win_64/winavr/bin/../lib/gcc/avr/4.3.3/avr5\libgcc.a(_udivmodsi4.o)
 .text          0x00000092        0x0 c:/users/hp/downloads/telegram desktop/sdk_win_64/sdk_win_64/winavr/bin/../lib/gcc/avr/4.3.3/avr5\libgcc.a(_exit.o)
 .text          0x00000092        0x0 c:/users/hp/downloads/telegram desktop/sdk_win_64/sdk_win_64/winavr/bin/../lib/gcc/avr/4.3.3/avr5\libgcc.a(_copy_data.o)
 .text          0x00000092        0x0 c:/users/hp/downloads/telegram desktop/sdk_win_64/sdk_win_64/winavr/bin/../lib/gcc/avr/4.3.3/avr5\libgcc.a(_clear_bss.o)
 .text          0x00000092       0x58 c:/users/hp/downloads/telegram desktop/sdk_win_64/sdk_win_64/winavr/bin/../lib/gcc/avr/4.3.3/avr5\libgcc.a(_fixunssfsi.o)
                0x00000092                __fixunssfsi
 .text          0x000000ea      0x354 c:/users/hp/downloads/telegram desktop/sdk_win_64/sdk_win_64/winavr/bin/../lib/gcc/avr/4.3.3/avr5\libgcc.a(_addsub_sf.o)
                0x00000382                __subsf3
                0x000003e4                __addsf3
 .text          0x0000043e      0x1f4 c:/users/hp/downloads/telegram desktop/sdk_win_64/sdk_win_64/winavr/bin/../lib/gcc/avr/4.3.3/avr5\libgcc.a(_mul_sf.o)
                0x0000043e                __mulsf3
 .text          0x00000632      0x158 c:/users/hp/downloads/telegram desktop/sdk_win_64/sdk_win_64/winavr/bin/../lib/gcc/avr/4.3.3/avr5\libgcc.a(_div_sf.o)
                0x00000632                __divsf3
 .text          0x0000078a       0x60 c:/users/hp/downloads/telegram desktop/sdk_win_64/sdk_win_64/winavr/bin/../lib/gcc/avr/4.3.3/avr5\libgcc.a(_gt_sf.o)
                0x0000078a                __gtsf2
 .text          0x000007ea       0x60 c:/users/hp/downloads/telegram desktop/sdk_win_64/sdk_win_64/winavr/bin/../lib/gcc/avr/4.3.3/avr5\libgcc.a(_ge_sf.o)
                0x000007ea                __gesf2
 .text          0x0000084a       0x60 c:/users/hp/downloads/telegram desktop/sdk_win_64/sdk_win_64/winavr/bin/../lib/gcc/avr/4.3.3/avr5\libgcc.a(_lt_sf.o)
                0x0000084a                __ltsf2
 .text          0x000008aa       0xa8 c:/users/hp/downloads/telegram desktop/sdk_win_64/sdk_win_64/winavr/bin/../lib/gcc/avr/4.3.3/avr5\libgcc.a(_sf_to_si.o)
                0x000008aa                __fixsfsi
 .text          0x00000952        0x0 c:/users/hp/downloads/telegram desktop/sdk_win_64/sdk_win_64/winavr/bin/../lib/gcc/avr/4.3.3/avr5\libgcc.a(_thenan_sf.o)
 .text          0x00000952        0x0 c:/users/hp/downloads/telegram desktop/sdk_win_64/sdk_win_64/winavr/bin/../lib/gcc/avr/4.3.3/avr5\libgcc.a(_prologue.o)
 .text          0x00000952        0x0 c:/users/hp/downloads/telegram desktop/sdk_win_64/sdk_win_64/winavr/bin/../lib/gcc/avr/4.3.3/avr5\libgcc.a(_epilogue.o)
 .text          0x00000952      0x1aa c:/users/hp/downloads/telegram desktop/sdk_win_64/sdk_win_64/winavr/bin/../lib/gcc/avr/4.3.3/avr5\libgcc.a(_pack_sf.o)
                0x00000952                __pack_f
 .text          0x00000afc       0xf0 c:/users/hp/downloads/telegram desktop/sdk_win_64/sdk_win_64/winavr/bin/../lib/gcc/avr/4.3.3/avr5\libgcc.a(_unpack_sf.o)
                0x00000afc                __unpack_f
 .text          0x00000bec       0xb2 c:/users/hp/downloads/telegram desktop/sdk_win_64/sdk_win_64/winavr/bin/../lib/gcc/avr/4.3.3/avr5\libgcc.a(_fpcmp_parts_sf.o)
                0x00000bec                __fpcmp_parts_f
                0x00000c9e                . = ALIGN (0x2)
 *(.text.*)
 .text.WDT_enum_WDT_Enable
                0x00000c9e       0x40 ./MCAL/6-WDT/WDT_program.o
                0x00000c9e                WDT_enum_WDT_Enable
 .text.WDT_enum_WDT_Disable
                0x00000cde       0x2a ./MCAL/6-WDT/WDT_program.o
                0x00000cde                WDT_enum_WDT_Disable
 .text.TIMERS_enum_TIMER0_INIT
                0x00000d08       0x44 ./MCAL/5-TIMERS/TIMERS_program.o
                0x00000d08                TIMERS_enum_TIMER0_INIT
 .text.TIMERS_enum_TIMER1_INIT
                0x00000d4c       0x44 ./MCAL/5-TIMERS/TIMERS_program.o
                0x00000d4c                TIMERS_enum_TIMER1_INIT
 .text.TIMERS_enum_TIMER0_SET_CALL_BACK
                0x00000d90       0x4a ./MCAL/5-TIMERS/TIMERS_program.o
                0x00000d90                TIMERS_enum_TIMER0_SET_CALL_BACK
 .text.TIMERS_enum_TIMER0_SET_COMPARE_MATCH_VALUE
                0x00000dda       0x22 ./MCAL/5-TIMERS/TIMERS_program.o
                0x00000dda                TIMERS_enum_TIMER0_SET_COMPARE_MATCH_VALUE
 .text.TIMERS_enum_TIMER0_SET_PRESCAlER_VALUE
                0x00000dfc       0x22 ./MCAL/5-TIMERS/TIMERS_program.o
                0x00000dfc                TIMERS_enum_TIMER0_SET_PRESCAlER_VALUE
 .text.TIMERS_enum_TIMER0_REED_TIMER_VALUE
                0x00000e1e       0x14 ./MCAL/5-TIMERS/TIMERS_program.o
                0x00000e1e                TIMERS_enum_TIMER0_REED_TIMER_VALUE
 .text.TIMERS_enum_TIMER1_SET_COMPARE_MATCH_VALUE_A
                0x00000e32       0x2c ./MCAL/5-TIMERS/TIMERS_program.o
                0x00000e32                TIMERS_enum_TIMER1_SET_COMPARE_MATCH_VALUE_A
 .text.TIMERS_enum_TIMER1_SET_PRESCAlER_VALUE
                0x00000e5e       0x2c ./MCAL/5-TIMERS/TIMERS_program.o
                0x00000e5e                TIMERS_enum_TIMER1_SET_PRESCAlER_VALUE
 .text.TIMERS_enum_TIMER1_REED_TIMER_VALUE
                0x00000e8a       0x16 ./MCAL/5-TIMERS/TIMERS_program.o
                0x00000e8a                TIMERS_enum_TIMER1_REED_TIMER_VALUE
 .text.__vector_11
                0x00000ea0       0x98 ./MCAL/5-TIMERS/TIMERS_program.o
                0x00000ea0                __vector_11
 .text.__vector_10
                0x00000f38       0x90 ./MCAL/5-TIMERS/TIMERS_program.o
                0x00000f38                __vector_10
 .text.ADC_enum_ADC_INIT
                0x00000fc8       0x86 ./MCAL/4-ADC/ADC_program.o
                0x00000fc8                ADC_enum_ADC_INIT
 .text.ADC_enum_GET_DIGITAL_VALUE_Synch_Non_Blocking
                0x0000104e      0x10a ./MCAL/4-ADC/ADC_program.o
                0x0000104e                ADC_enum_GET_DIGITAL_VALUE_Synch_Non_Blocking
 .text.ADC_enum_GET_DIGITAL_VALUE_ASynch
                0x00001158       0x8e ./MCAL/4-ADC/ADC_program.o
                0x00001158                ADC_enum_GET_DIGITAL_VALUE_ASynch
 .text.ADC_enum_GET_ADC_REG_VALUE
                0x000011e6       0x3e ./MCAL/4-ADC/ADC_program.o
                0x000011e6                ADC_enum_GET_ADC_REG_VALUE
 .text.__vector_16
                0x00001224       0x82 ./MCAL/4-ADC/ADC_program.o
                0x00001224                __vector_16
 .text.GI_enum_GI_Enable
                0x000012a6       0x1e ./MCAL/3-GI/GI_program.o
                0x000012a6                GI_enum_GI_Enable
 .text.GI_enum_GI_Disable
                0x000012c4       0x1e ./MCAL/3-GI/GI_program.o
                0x000012c4                GI_enum_GI_Disable
 .text.DIO_voidInit
                0x000012e2       0x44 ./MCAL/1-DIO/DIO_program.o
                0x000012e2                DIO_voidInit
 .text.DIO_u8_Set_Pin_Direction
                0x00001326      0x266 ./MCAL/1-DIO/DIO_program.o
                0x00001326                DIO_u8_Set_Pin_Direction
 .text.DIO_u8_Set_Pin_Value
                0x0000158c      0x266 ./MCAL/1-DIO/DIO_program.o
                0x0000158c                DIO_u8_Set_Pin_Value
 .text.DIO_u8_Get_Pin_Value
                0x000017f2      0x17a ./MCAL/1-DIO/DIO_program.o
                0x000017f2                DIO_u8_Get_Pin_Value
 .text.DIO_u8_Set_Port_Direction
                0x0000196c      0x148 ./MCAL/1-DIO/DIO_program.o
                0x0000196c                DIO_u8_Set_Port_Direction
 .text.DIO_u8_Set_Port_Value
                0x00001ab4       0x90 ./MCAL/1-DIO/DIO_program.o
                0x00001ab4                DIO_u8_Set_Port_Value
 .text.DIO_u8_Get_Port_Value
                0x00001b44       0xb4 ./MCAL/1-DIO/DIO_program.o
                0x00001b44                DIO_u8_Get_Port_Value
 .text.SERVO_motor_enum_INIT
                0x00001bf8       0x26 ./HAL/5-SERVO_MOTOR/SERVO_MOTOR_program.o
                0x00001bf8                SERVO_motor_enum_INIT
 .text.SERVO_MOTOR_enum_SET_Servo_Motor_Angle
                0x00001c1e       0x84 ./HAL/5-SERVO_MOTOR/SERVO_MOTOR_program.o
                0x00001c1e                SERVO_MOTOR_enum_SET_Servo_Motor_Angle
 .text.Stepper_motor_enum_INIT
                0x00001ca2       0x66 ./HAL/4-STEPPER_MOTOR/STEPPER_MOTOR_program.o
                0x00001ca2                Stepper_motor_enum_INIT
 .text.Stepper_moter_enum_Move
                0x00001d08      0xb32 ./HAL/4-STEPPER_MOTOR/STEPPER_MOTOR_program.o
                0x00001d08                Stepper_moter_enum_Move
 .text.DC_MOTOR_enum_INIT
                0x0000283a       0x52 ./HAL/3-DC_Motor/DC_MOTOR_program.o
                0x0000283a                DC_MOTOR_enum_INIT
 .text.DC_MOTOR_enum_Start
                0x0000288c       0x60 ./HAL/3-DC_Motor/DC_MOTOR_program.o
                0x0000288c                DC_MOTOR_enum_Start
 .text.DC_MOTOR_enum_Stop
                0x000028ec       0x38 ./HAL/3-DC_Motor/DC_MOTOR_program.o
                0x000028ec                DC_MOTOR_enum_Stop
 .text.KPD_enum_Init
                0x00002924       0xb6 ./HAL/2-KPD/KPD_program.o
                0x00002924                KPD_enum_Init
 .text.KPD_enum_Get_Key_State
                0x000029da      0x220 ./HAL/2-KPD/KPD_program.o
                0x000029da                KPD_enum_Get_Key_State
 .text.LCD_enum_INIT
                0x00002bfa      0x478 ./HAL/1-LCD/LCD_program.o
                0x00002bfa                LCD_enum_INIT
 .text.LCD_enum_Send_Comnd
                0x00003072      0x1d6 ./HAL/1-LCD/LCD_program.o
                0x00003072                LCD_enum_Send_Comnd
 .text.LCD_enum_Send_char
                0x00003248      0x1d6 ./HAL/1-LCD/LCD_program.o
                0x00003248                LCD_enum_Send_char
 .text.LCD_enum_GO_TO_XY
                0x0000341e       0x6c ./HAL/1-LCD/LCD_program.o
                0x0000341e                LCD_enum_GO_TO_XY
 .text.LCD_enum_Send_String
                0x0000348a       0x52 ./HAL/1-LCD/LCD_program.o
                0x0000348a                LCD_enum_Send_String
 .text.LCD_enum_Clear
                0x000034dc      0x112 ./HAL/1-LCD/LCD_program.o
                0x000034dc                LCD_enum_Clear
 .text.LCD_enum_Send_Custom_char
                0x000035ee       0x82 ./HAL/1-LCD/LCD_program.o
                0x000035ee                LCD_enum_Send_Custom_char
 .text.LCD_enum_Send_Num
                0x00003670       0xee ./HAL/1-LCD/LCD_program.o
                0x00003670                LCD_enum_Send_Num
 .text.main     0x0000375e      0x4fe ./APP/main.o
                0x0000375e                main
 .text.motor_option
                0x00003c5c       0x92 ./APP/main.o
                0x00003c5c                motor_option
 .text.stepper_MOTOR_void_direction
                0x00003cee       0x64 ./APP/main.o
                0x00003cee                stepper_MOTOR_void_direction
 .text.DC_MOTOR_void_direction
                0x00003d52       0x84 ./APP/main.o
                0x00003d52                DC_MOTOR_void_direction
 .text.choice_angle_stepper
                0x00003dd6       0xc0 ./APP/main.o
                0x00003dd6                choice_angle_stepper
 .text.choice_angle_servo
                0x00003e96       0xb8 ./APP/main.o
                0x00003e96                choice_angle_servo
 .text.libgcc   0x00003f4e       0x3e c:/users/hp/downloads/telegram desktop/sdk_win_64/sdk_win_64/winavr/bin/../lib/gcc/avr/4.3.3/avr5\libgcc.a(_mulsi3.o)
                0x00003f4e                __mulsi3
 .text.libgcc   0x00003f8c       0x44 c:/users/hp/downloads/telegram desktop/sdk_win_64/sdk_win_64/winavr/bin/../lib/gcc/avr/4.3.3/avr5\libgcc.a(_udivmodsi4.o)
                0x00003f8c                __udivmodsi4
 .text.libgcc   0x00003fd0        0x0 c:/users/hp/downloads/telegram desktop/sdk_win_64/sdk_win_64/winavr/bin/../lib/gcc/avr/4.3.3/avr5\libgcc.a(_exit.o)
 .text.libgcc   0x00003fd0        0x0 c:/users/hp/downloads/telegram desktop/sdk_win_64/sdk_win_64/winavr/bin/../lib/gcc/avr/4.3.3/avr5\libgcc.a(_copy_data.o)
 .text.libgcc   0x00003fd0        0x0 c:/users/hp/downloads/telegram desktop/sdk_win_64/sdk_win_64/winavr/bin/../lib/gcc/avr/4.3.3/avr5\libgcc.a(_clear_bss.o)
 .text.libgcc   0x00003fd0       0x38 c:/users/hp/downloads/telegram desktop/sdk_win_64/sdk_win_64/winavr/bin/../lib/gcc/avr/4.3.3/avr5\libgcc.a(_prologue.o)
                0x00003fd0                __prologue_saves__
 .text.libgcc   0x00004008       0x36 c:/users/hp/downloads/telegram desktop/sdk_win_64/sdk_win_64/winavr/bin/../lib/gcc/avr/4.3.3/avr5\libgcc.a(_epilogue.o)
                0x00004008                __epilogue_restores__
                0x0000403e                . = ALIGN (0x2)
 *(.fini9)
 .fini9         0x0000403e        0x0 c:/users/hp/downloads/telegram desktop/sdk_win_64/sdk_win_64/winavr/bin/../lib/gcc/avr/4.3.3/avr5\libgcc.a(_exit.o)
                0x0000403e                exit
                0x0000403e                _exit
 *(.fini9)
 *(.fini8)
 *(.fini8)
 *(.fini7)
 *(.fini7)
 *(.fini6)
 *(.fini6)
 *(.fini5)
 *(.fini5)
 *(.fini4)
 *(.fini4)
 *(.fini3)
 *(.fini3)
 *(.fini2)
 *(.fini2)
 *(.fini1)
 *(.fini1)
 *(.fini0)
 .fini0         0x0000403e        0x4 c:/users/hp/downloads/telegram desktop/sdk_win_64/sdk_win_64/winavr/bin/../lib/gcc/avr/4.3.3/avr5\libgcc.a(_exit.o)
 *(.fini0)
                0x00004042                _etext = .

.data           0x00800060       0xdc load address 0x00004042
                0x00800060                PROVIDE (__data_start, .)
 *(.data)
 .data          0x00800060        0x0 c:/users/hp/downloads/telegram desktop/sdk_win_64/sdk_win_64/winavr/bin/../lib/gcc/avr/4.3.3/../../../../avr/lib/avr5/crtm16.o
 .data          0x00800060        0x0 ./MCAL/6-WDT/WDT_program.o
 .data          0x00800060        0x0 ./MCAL/5-TIMERS/TIMERS_program.o
 .data          0x00800060        0x0 ./MCAL/4-ADC/ADC_program.o
 .data          0x00800060        0x0 ./MCAL/3-GI/GI_program.o
 .data          0x00800060        0x0 ./MCAL/1-DIO/DIO_program.o
 .data          0x00800060        0x0 ./HAL/5-SERVO_MOTOR/SERVO_MOTOR_program.o
 .data          0x00800060        0x0 ./HAL/4-STEPPER_MOTOR/STEPPER_MOTOR_program.o
 .data          0x00800060        0x0 ./HAL/3-DC_Motor/DC_MOTOR_program.o
 .data          0x00800060        0x0 ./HAL/2-KPD/KPD_program.o
 .data          0x00800060        0x0 ./HAL/1-LCD/LCD_program.o
 .data          0x00800060       0xbb ./APP/main.o
 .data          0x0080011b        0x0 c:/users/hp/downloads/telegram desktop/sdk_win_64/sdk_win_64/winavr/bin/../lib/gcc/avr/4.3.3/avr5\libgcc.a(_mulsi3.o)
 .data          0x0080011b        0x0 c:/users/hp/downloads/telegram desktop/sdk_win_64/sdk_win_64/winavr/bin/../lib/gcc/avr/4.3.3/avr5\libgcc.a(_udivmodsi4.o)
 .data          0x0080011b        0x0 c:/users/hp/downloads/telegram desktop/sdk_win_64/sdk_win_64/winavr/bin/../lib/gcc/avr/4.3.3/avr5\libgcc.a(_exit.o)
 .data          0x0080011b        0x0 c:/users/hp/downloads/telegram desktop/sdk_win_64/sdk_win_64/winavr/bin/../lib/gcc/avr/4.3.3/avr5\libgcc.a(_copy_data.o)
 .data          0x0080011b        0x0 c:/users/hp/downloads/telegram desktop/sdk_win_64/sdk_win_64/winavr/bin/../lib/gcc/avr/4.3.3/avr5\libgcc.a(_clear_bss.o)
 .data          0x0080011b        0x0 c:/users/hp/downloads/telegram desktop/sdk_win_64/sdk_win_64/winavr/bin/../lib/gcc/avr/4.3.3/avr5\libgcc.a(_fixunssfsi.o)
 .data          0x0080011b        0x0 c:/users/hp/downloads/telegram desktop/sdk_win_64/sdk_win_64/winavr/bin/../lib/gcc/avr/4.3.3/avr5\libgcc.a(_addsub_sf.o)
 .data          0x0080011b        0x0 c:/users/hp/downloads/telegram desktop/sdk_win_64/sdk_win_64/winavr/bin/../lib/gcc/avr/4.3.3/avr5\libgcc.a(_mul_sf.o)
 .data          0x0080011b        0x0 c:/users/hp/downloads/telegram desktop/sdk_win_64/sdk_win_64/winavr/bin/../lib/gcc/avr/4.3.3/avr5\libgcc.a(_div_sf.o)
 .data          0x0080011b        0x0 c:/users/hp/downloads/telegram desktop/sdk_win_64/sdk_win_64/winavr/bin/../lib/gcc/avr/4.3.3/avr5\libgcc.a(_gt_sf.o)
 .data          0x0080011b        0x0 c:/users/hp/downloads/telegram desktop/sdk_win_64/sdk_win_64/winavr/bin/../lib/gcc/avr/4.3.3/avr5\libgcc.a(_ge_sf.o)
 .data          0x0080011b        0x0 c:/users/hp/downloads/telegram desktop/sdk_win_64/sdk_win_64/winavr/bin/../lib/gcc/avr/4.3.3/avr5\libgcc.a(_lt_sf.o)
 .data          0x0080011b        0x0 c:/users/hp/downloads/telegram desktop/sdk_win_64/sdk_win_64/winavr/bin/../lib/gcc/avr/4.3.3/avr5\libgcc.a(_sf_to_si.o)
 .data          0x0080011b        0x8 c:/users/hp/downloads/telegram desktop/sdk_win_64/sdk_win_64/winavr/bin/../lib/gcc/avr/4.3.3/avr5\libgcc.a(_thenan_sf.o)
                0x0080011b                __thenan_sf
 .data          0x00800123        0x0 c:/users/hp/downloads/telegram desktop/sdk_win_64/sdk_win_64/winavr/bin/../lib/gcc/avr/4.3.3/avr5\libgcc.a(_prologue.o)
 .data          0x00800123        0x0 c:/users/hp/downloads/telegram desktop/sdk_win_64/sdk_win_64/winavr/bin/../lib/gcc/avr/4.3.3/avr5\libgcc.a(_epilogue.o)
 .data          0x00800123        0x0 c:/users/hp/downloads/telegram desktop/sdk_win_64/sdk_win_64/winavr/bin/../lib/gcc/avr/4.3.3/avr5\libgcc.a(_pack_sf.o)
 .data          0x00800123        0x0 c:/users/hp/downloads/telegram desktop/sdk_win_64/sdk_win_64/winavr/bin/../lib/gcc/avr/4.3.3/avr5\libgcc.a(_unpack_sf.o)
 .data          0x00800123        0x0 c:/users/hp/downloads/telegram desktop/sdk_win_64/sdk_win_64/winavr/bin/../lib/gcc/avr/4.3.3/avr5\libgcc.a(_fpcmp_parts_sf.o)
 *(.data*)
 *(.rodata)
 *(.rodata*)
 .rodata.KPD_Au8_Keys
                0x00800123       0x10 ./HAL/2-KPD/KPD_program.o
                0x00800123                KPD_Au8_Keys
 .rodata.KPD_Au8_Rows_Pins
                0x00800133        0x4 ./HAL/2-KPD/KPD_program.o
                0x00800133                KPD_Au8_Rows_Pins
 .rodata.KPD_Au8_Cols_Pins
                0x00800137        0x4 ./HAL/2-KPD/KPD_program.o
                0x00800137                KPD_Au8_Cols_Pins
 *(.gnu.linkonce.d*)
                0x0080013c                . = ALIGN (0x2)
 *fill*         0x0080013b        0x1 00
                0x0080013c                _edata = .
                0x0080013c                PROVIDE (__data_end, .)

.bss            0x0080013c       0x10
                0x0080013c                PROVIDE (__bss_start, .)
 *(.bss)
 .bss           0x0080013c        0x0 c:/users/hp/downloads/telegram desktop/sdk_win_64/sdk_win_64/winavr/bin/../lib/gcc/avr/4.3.3/../../../../avr/lib/avr5/crtm16.o
 .bss           0x0080013c        0x0 ./MCAL/6-WDT/WDT_program.o
 .bss           0x0080013c        0x0 ./MCAL/5-TIMERS/TIMERS_program.o
 .bss           0x0080013c        0x0 ./MCAL/4-ADC/ADC_program.o
 .bss           0x0080013c        0x0 ./MCAL/3-GI/GI_program.o
 .bss           0x0080013c        0x0 ./MCAL/1-DIO/DIO_program.o
 .bss           0x0080013c        0x0 ./HAL/5-SERVO_MOTOR/SERVO_MOTOR_program.o
 .bss           0x0080013c        0x0 ./HAL/4-STEPPER_MOTOR/STEPPER_MOTOR_program.o
 .bss           0x0080013c        0x0 ./HAL/3-DC_Motor/DC_MOTOR_program.o
 .bss           0x0080013c        0x0 ./HAL/2-KPD/KPD_program.o
 .bss           0x0080013c        0x0 ./HAL/1-LCD/LCD_program.o
 .bss           0x0080013c        0x0 ./APP/main.o
 .bss           0x0080013c        0x0 c:/users/hp/downloads/telegram desktop/sdk_win_64/sdk_win_64/winavr/bin/../lib/gcc/avr/4.3.3/avr5\libgcc.a(_mulsi3.o)
 .bss           0x0080013c        0x0 c:/users/hp/downloads/telegram desktop/sdk_win_64/sdk_win_64/winavr/bin/../lib/gcc/avr/4.3.3/avr5\libgcc.a(_udivmodsi4.o)
 .bss           0x0080013c        0x0 c:/users/hp/downloads/telegram desktop/sdk_win_64/sdk_win_64/winavr/bin/../lib/gcc/avr/4.3.3/avr5\libgcc.a(_exit.o)
 .bss           0x0080013c        0x0 c:/users/hp/downloads/telegram desktop/sdk_win_64/sdk_win_64/winavr/bin/../lib/gcc/avr/4.3.3/avr5\libgcc.a(_copy_data.o)
 .bss           0x0080013c        0x0 c:/users/hp/downloads/telegram desktop/sdk_win_64/sdk_win_64/winavr/bin/../lib/gcc/avr/4.3.3/avr5\libgcc.a(_clear_bss.o)
 .bss           0x0080013c        0x0 c:/users/hp/downloads/telegram desktop/sdk_win_64/sdk_win_64/winavr/bin/../lib/gcc/avr/4.3.3/avr5\libgcc.a(_fixunssfsi.o)
 .bss           0x0080013c        0x0 c:/users/hp/downloads/telegram desktop/sdk_win_64/sdk_win_64/winavr/bin/../lib/gcc/avr/4.3.3/avr5\libgcc.a(_addsub_sf.o)
 .bss           0x0080013c        0x0 c:/users/hp/downloads/telegram desktop/sdk_win_64/sdk_win_64/winavr/bin/../lib/gcc/avr/4.3.3/avr5\libgcc.a(_mul_sf.o)
 .bss           0x0080013c        0x0 c:/users/hp/downloads/telegram desktop/sdk_win_64/sdk_win_64/winavr/bin/../lib/gcc/avr/4.3.3/avr5\libgcc.a(_div_sf.o)
 .bss           0x0080013c        0x0 c:/users/hp/downloads/telegram desktop/sdk_win_64/sdk_win_64/winavr/bin/../lib/gcc/avr/4.3.3/avr5\libgcc.a(_gt_sf.o)
 .bss           0x0080013c        0x0 c:/users/hp/downloads/telegram desktop/sdk_win_64/sdk_win_64/winavr/bin/../lib/gcc/avr/4.3.3/avr5\libgcc.a(_ge_sf.o)
 .bss           0x0080013c        0x0 c:/users/hp/downloads/telegram desktop/sdk_win_64/sdk_win_64/winavr/bin/../lib/gcc/avr/4.3.3/avr5\libgcc.a(_lt_sf.o)
 .bss           0x0080013c        0x0 c:/users/hp/downloads/telegram desktop/sdk_win_64/sdk_win_64/winavr/bin/../lib/gcc/avr/4.3.3/avr5\libgcc.a(_sf_to_si.o)
 .bss           0x0080013c        0x0 c:/users/hp/downloads/telegram desktop/sdk_win_64/sdk_win_64/winavr/bin/../lib/gcc/avr/4.3.3/avr5\libgcc.a(_thenan_sf.o)
 .bss           0x0080013c        0x0 c:/users/hp/downloads/telegram desktop/sdk_win_64/sdk_win_64/winavr/bin/../lib/gcc/avr/4.3.3/avr5\libgcc.a(_prologue.o)
 .bss           0x0080013c        0x0 c:/users/hp/downloads/telegram desktop/sdk_win_64/sdk_win_64/winavr/bin/../lib/gcc/avr/4.3.3/avr5\libgcc.a(_epilogue.o)
 .bss           0x0080013c        0x0 c:/users/hp/downloads/telegram desktop/sdk_win_64/sdk_win_64/winavr/bin/../lib/gcc/avr/4.3.3/avr5\libgcc.a(_pack_sf.o)
 .bss           0x0080013c        0x0 c:/users/hp/downloads/telegram desktop/sdk_win_64/sdk_win_64/winavr/bin/../lib/gcc/avr/4.3.3/avr5\libgcc.a(_unpack_sf.o)
 .bss           0x0080013c        0x0 c:/users/hp/downloads/telegram desktop/sdk_win_64/sdk_win_64/winavr/bin/../lib/gcc/avr/4.3.3/avr5\libgcc.a(_fpcmp_parts_sf.o)
 *(.bss*)
 .bss.TIMERS_pf_TIMER0
                0x0080013c        0x4 ./MCAL/5-TIMERS/TIMERS_program.o
 .bss.Local_TIMERS_u16_Counter_OVF.1285
                0x00800140        0x2 ./MCAL/5-TIMERS/TIMERS_program.o
 .bss.Local_TIMERS_u16_Counter_OVF_CTC.1301
                0x00800142        0x2 ./MCAL/5-TIMERS/TIMERS_program.o
 .bss.ADC_pf_ADC_notification
                0x00800144        0x2 ./MCAL/4-ADC/ADC_program.o
 .bss.ADC_u8_busy_flag
                0x00800146        0x1 ./MCAL/4-ADC/ADC_program.o
 *(COMMON)
 COMMON         0x00800147        0x5 ./APP/main.o
                0x00800147                stepper_direction
                0x00800148                Local_u8_input
                0x0080014c                PROVIDE (__bss_end, .)
                0x00004042                __data_load_start = LOADADDR (.data)
                0x0000411e                __data_load_end = (__data_load_start + SIZEOF (.data))

.noinit         0x0080014c        0x0
                0x0080014c                PROVIDE (__noinit_start, .)
 *(.noinit*)
                0x0080014c                PROVIDE (__noinit_end, .)
                0x0080014c                _end = .
                0x0080014c                PROVIDE (__heap_start, .)

.eeprom         0x00810000        0x0
 *(.eeprom*)
                0x00810000                __eeprom_end = .

.fuse
 *(.fuse)
 *(.lfuse)
 *(.hfuse)
 *(.efuse)

.lock
 *(.lock*)

.signature
 *(.signature*)

.stab           0x00000000     0x49b0
 *(.stab)
 .stab          0x00000000      0x288 ./MCAL/6-WDT/WDT_program.o
 .stab          0x00000288      0x6b4 ./MCAL/5-TIMERS/TIMERS_program.o
                                0x6c0 (size before relaxing)
 .stab          0x0000093c      0x540 ./MCAL/4-ADC/ADC_program.o
                                0x54c (size before relaxing)
 .stab          0x00000e7c      0x1f8 ./MCAL/3-GI/GI_program.o
                                0x204 (size before relaxing)
 .stab          0x00001074      0x918 ./MCAL/1-DIO/DIO_program.o
                                0x924 (size before relaxing)
 .stab          0x0000198c      0x444 ./HAL/5-SERVO_MOTOR/SERVO_MOTOR_program.o
                                0x450 (size before relaxing)
 .stab          0x00001dd0      0xa80 ./HAL/4-STEPPER_MOTOR/STEPPER_MOTOR_program.o
                                0xc18 (size before relaxing)
 .stab          0x00002850      0x3a8 ./HAL/3-DC_Motor/DC_MOTOR_program.o
                                0x540 (size before relaxing)
 .stab          0x00002bf8      0x510 ./HAL/2-KPD/KPD_program.o
                                0x6a8 (size before relaxing)
 .stab          0x00003108      0xc24 ./HAL/1-LCD/LCD_program.o
                                0xdbc (size before relaxing)
 .stab          0x00003d2c      0xc84 ./APP/main.o
                                0xe1c (size before relaxing)

.stabstr        0x00000000     0x1a3b
 *(.stabstr)
 .stabstr       0x00000000     0x1a3b ./MCAL/6-WDT/WDT_program.o

.stab.excl
 *(.stab.excl)

.stab.exclstr
 *(.stab.exclstr)

.stab.index
 *(.stab.index)

.stab.indexstr
 *(.stab.indexstr)

.comment
 *(.comment)

.debug
 *(.debug)

.line
 *(.line)

.debug_srcinfo
 *(.debug_srcinfo)

.debug_sfnames
 *(.debug_sfnames)

.debug_aranges  0x00000000      0x160
 *(.debug_aranges)
 .debug_aranges
                0x00000000       0x20 c:/users/hp/downloads/telegram desktop/sdk_win_64/sdk_win_64/winavr/bin/../lib/gcc/avr/4.3.3/avr5\libgcc.a(_fixunssfsi.o)
 .debug_aranges
                0x00000020       0x20 c:/users/hp/downloads/telegram desktop/sdk_win_64/sdk_win_64/winavr/bin/../lib/gcc/avr/4.3.3/avr5\libgcc.a(_addsub_sf.o)
 .debug_aranges
                0x00000040       0x20 c:/users/hp/downloads/telegram desktop/sdk_win_64/sdk_win_64/winavr/bin/../lib/gcc/avr/4.3.3/avr5\libgcc.a(_mul_sf.o)
 .debug_aranges
                0x00000060       0x20 c:/users/hp/downloads/telegram desktop/sdk_win_64/sdk_win_64/winavr/bin/../lib/gcc/avr/4.3.3/avr5\libgcc.a(_div_sf.o)
 .debug_aranges
                0x00000080       0x20 c:/users/hp/downloads/telegram desktop/sdk_win_64/sdk_win_64/winavr/bin/../lib/gcc/avr/4.3.3/avr5\libgcc.a(_gt_sf.o)
 .debug_aranges
                0x000000a0       0x20 c:/users/hp/downloads/telegram desktop/sdk_win_64/sdk_win_64/winavr/bin/../lib/gcc/avr/4.3.3/avr5\libgcc.a(_ge_sf.o)
 .debug_aranges
                0x000000c0       0x20 c:/users/hp/downloads/telegram desktop/sdk_win_64/sdk_win_64/winavr/bin/../lib/gcc/avr/4.3.3/avr5\libgcc.a(_lt_sf.o)
 .debug_aranges
                0x000000e0       0x20 c:/users/hp/downloads/telegram desktop/sdk_win_64/sdk_win_64/winavr/bin/../lib/gcc/avr/4.3.3/avr5\libgcc.a(_sf_to_si.o)
 .debug_aranges
                0x00000100       0x20 c:/users/hp/downloads/telegram desktop/sdk_win_64/sdk_win_64/winavr/bin/../lib/gcc/avr/4.3.3/avr5\libgcc.a(_pack_sf.o)
 .debug_aranges
                0x00000120       0x20 c:/users/hp/downloads/telegram desktop/sdk_win_64/sdk_win_64/winavr/bin/../lib/gcc/avr/4.3.3/avr5\libgcc.a(_unpack_sf.o)
 .debug_aranges
                0x00000140       0x20 c:/users/hp/downloads/telegram desktop/sdk_win_64/sdk_win_64/winavr/bin/../lib/gcc/avr/4.3.3/avr5\libgcc.a(_fpcmp_parts_sf.o)

.debug_pubnames
                0x00000000      0x18f
 *(.debug_pubnames)
 .debug_pubnames
                0x00000000       0x23 c:/users/hp/downloads/telegram desktop/sdk_win_64/sdk_win_64/winavr/bin/../lib/gcc/avr/4.3.3/avr5\libgcc.a(_fixunssfsi.o)
 .debug_pubnames
                0x00000023       0x2c c:/users/hp/downloads/telegram desktop/sdk_win_64/sdk_win_64/winavr/bin/../lib/gcc/avr/4.3.3/avr5\libgcc.a(_addsub_sf.o)
 .debug_pubnames
                0x0000004f       0x1f c:/users/hp/downloads/telegram desktop/sdk_win_64/sdk_win_64/winavr/bin/../lib/gcc/avr/4.3.3/avr5\libgcc.a(_mul_sf.o)
 .debug_pubnames
                0x0000006e       0x1f c:/users/hp/downloads/telegram desktop/sdk_win_64/sdk_win_64/winavr/bin/../lib/gcc/avr/4.3.3/avr5\libgcc.a(_div_sf.o)
 .debug_pubnames
                0x0000008d       0x1e c:/users/hp/downloads/telegram desktop/sdk_win_64/sdk_win_64/winavr/bin/../lib/gcc/avr/4.3.3/avr5\libgcc.a(_gt_sf.o)
 .debug_pubnames
                0x000000ab       0x1e c:/users/hp/downloads/telegram desktop/sdk_win_64/sdk_win_64/winavr/bin/../lib/gcc/avr/4.3.3/avr5\libgcc.a(_ge_sf.o)
 .debug_pubnames
                0x000000c9       0x1e c:/users/hp/downloads/telegram desktop/sdk_win_64/sdk_win_64/winavr/bin/../lib/gcc/avr/4.3.3/avr5\libgcc.a(_lt_sf.o)
 .debug_pubnames
                0x000000e7       0x20 c:/users/hp/downloads/telegram desktop/sdk_win_64/sdk_win_64/winavr/bin/../lib/gcc/avr/4.3.3/avr5\libgcc.a(_sf_to_si.o)
 .debug_pubnames
                0x00000107       0x22 c:/users/hp/downloads/telegram desktop/sdk_win_64/sdk_win_64/winavr/bin/../lib/gcc/avr/4.3.3/avr5\libgcc.a(_thenan_sf.o)
 .debug_pubnames
                0x00000129       0x1f c:/users/hp/downloads/telegram desktop/sdk_win_64/sdk_win_64/winavr/bin/../lib/gcc/avr/4.3.3/avr5\libgcc.a(_pack_sf.o)
 .debug_pubnames
                0x00000148       0x21 c:/users/hp/downloads/telegram desktop/sdk_win_64/sdk_win_64/winavr/bin/../lib/gcc/avr/4.3.3/avr5\libgcc.a(_unpack_sf.o)
 .debug_pubnames
                0x00000169       0x26 c:/users/hp/downloads/telegram desktop/sdk_win_64/sdk_win_64/winavr/bin/../lib/gcc/avr/4.3.3/avr5\libgcc.a(_fpcmp_parts_sf.o)

.debug_info     0x00000000     0x2045
 *(.debug_info)
 .debug_info    0x00000000       0xb1 c:/users/hp/downloads/telegram desktop/sdk_win_64/sdk_win_64/winavr/bin/../lib/gcc/avr/4.3.3/avr5\libgcc.a(_fixunssfsi.o)
 .debug_info    0x000000b1      0x47a c:/users/hp/downloads/telegram desktop/sdk_win_64/sdk_win_64/winavr/bin/../lib/gcc/avr/4.3.3/avr5\libgcc.a(_addsub_sf.o)
 .debug_info    0x0000052b      0x485 c:/users/hp/downloads/telegram desktop/sdk_win_64/sdk_win_64/winavr/bin/../lib/gcc/avr/4.3.3/avr5\libgcc.a(_mul_sf.o)
 .debug_info    0x000009b0      0x3fc c:/users/hp/downloads/telegram desktop/sdk_win_64/sdk_win_64/winavr/bin/../lib/gcc/avr/4.3.3/avr5\libgcc.a(_div_sf.o)
 .debug_info    0x00000dac      0x27f c:/users/hp/downloads/telegram desktop/sdk_win_64/sdk_win_64/winavr/bin/../lib/gcc/avr/4.3.3/avr5\libgcc.a(_gt_sf.o)
 .debug_info    0x0000102b      0x27f c:/users/hp/downloads/telegram desktop/sdk_win_64/sdk_win_64/winavr/bin/../lib/gcc/avr/4.3.3/avr5\libgcc.a(_ge_sf.o)
 .debug_info    0x000012aa      0x27f c:/users/hp/downloads/telegram desktop/sdk_win_64/sdk_win_64/winavr/bin/../lib/gcc/avr/4.3.3/avr5\libgcc.a(_lt_sf.o)
 .debug_info    0x00001529      0x2b0 c:/users/hp/downloads/telegram desktop/sdk_win_64/sdk_win_64/winavr/bin/../lib/gcc/avr/4.3.3/avr5\libgcc.a(_sf_to_si.o)
 .debug_info    0x000017d9      0x12c c:/users/hp/downloads/telegram desktop/sdk_win_64/sdk_win_64/winavr/bin/../lib/gcc/avr/4.3.3/avr5\libgcc.a(_thenan_sf.o)
 .debug_info    0x00001905      0x2df c:/users/hp/downloads/telegram desktop/sdk_win_64/sdk_win_64/winavr/bin/../lib/gcc/avr/4.3.3/avr5\libgcc.a(_pack_sf.o)
 .debug_info    0x00001be4      0x251 c:/users/hp/downloads/telegram desktop/sdk_win_64/sdk_win_64/winavr/bin/../lib/gcc/avr/4.3.3/avr5\libgcc.a(_unpack_sf.o)
 .debug_info    0x00001e35      0x210 c:/users/hp/downloads/telegram desktop/sdk_win_64/sdk_win_64/winavr/bin/../lib/gcc/avr/4.3.3/avr5\libgcc.a(_fpcmp_parts_sf.o)
 *(.gnu.linkonce.wi.*)

.debug_abbrev   0x00000000     0x1101
 *(.debug_abbrev)
 .debug_abbrev  0x00000000       0x5d c:/users/hp/downloads/telegram desktop/sdk_win_64/sdk_win_64/winavr/bin/../lib/gcc/avr/4.3.3/avr5\libgcc.a(_fixunssfsi.o)
 .debug_abbrev  0x0000005d      0x1ea c:/users/hp/downloads/telegram desktop/sdk_win_64/sdk_win_64/winavr/bin/../lib/gcc/avr/4.3.3/avr5\libgcc.a(_addsub_sf.o)
 .debug_abbrev  0x00000247      0x21b c:/users/hp/downloads/telegram desktop/sdk_win_64/sdk_win_64/winavr/bin/../lib/gcc/avr/4.3.3/avr5\libgcc.a(_mul_sf.o)
 .debug_abbrev  0x00000462      0x216 c:/users/hp/downloads/telegram desktop/sdk_win_64/sdk_win_64/winavr/bin/../lib/gcc/avr/4.3.3/avr5\libgcc.a(_div_sf.o)
 .debug_abbrev  0x00000678      0x15a c:/users/hp/downloads/telegram desktop/sdk_win_64/sdk_win_64/winavr/bin/../lib/gcc/avr/4.3.3/avr5\libgcc.a(_gt_sf.o)
 .debug_abbrev  0x000007d2      0x15a c:/users/hp/downloads/telegram desktop/sdk_win_64/sdk_win_64/winavr/bin/../lib/gcc/avr/4.3.3/avr5\libgcc.a(_ge_sf.o)
 .debug_abbrev  0x0000092c      0x15a c:/users/hp/downloads/telegram desktop/sdk_win_64/sdk_win_64/winavr/bin/../lib/gcc/avr/4.3.3/avr5\libgcc.a(_lt_sf.o)
 .debug_abbrev  0x00000a86      0x17f c:/users/hp/downloads/telegram desktop/sdk_win_64/sdk_win_64/winavr/bin/../lib/gcc/avr/4.3.3/avr5\libgcc.a(_sf_to_si.o)
 .debug_abbrev  0x00000c05       0xad c:/users/hp/downloads/telegram desktop/sdk_win_64/sdk_win_64/winavr/bin/../lib/gcc/avr/4.3.3/avr5\libgcc.a(_thenan_sf.o)
 .debug_abbrev  0x00000cb2      0x1c0 c:/users/hp/downloads/telegram desktop/sdk_win_64/sdk_win_64/winavr/bin/../lib/gcc/avr/4.3.3/avr5\libgcc.a(_pack_sf.o)
 .debug_abbrev  0x00000e72      0x154 c:/users/hp/downloads/telegram desktop/sdk_win_64/sdk_win_64/winavr/bin/../lib/gcc/avr/4.3.3/avr5\libgcc.a(_unpack_sf.o)
 .debug_abbrev  0x00000fc6      0x13b c:/users/hp/downloads/telegram desktop/sdk_win_64/sdk_win_64/winavr/bin/../lib/gcc/avr/4.3.3/avr5\libgcc.a(_fpcmp_parts_sf.o)

.debug_line     0x00000000      0xf82
 *(.debug_line)
 .debug_line    0x00000000       0xa7 c:/users/hp/downloads/telegram desktop/sdk_win_64/sdk_win_64/winavr/bin/../lib/gcc/avr/4.3.3/avr5\libgcc.a(_fixunssfsi.o)
 .debug_line    0x000000a7      0x2af c:/users/hp/downloads/telegram desktop/sdk_win_64/sdk_win_64/winavr/bin/../lib/gcc/avr/4.3.3/avr5\libgcc.a(_addsub_sf.o)
 .debug_line    0x00000356      0x239 c:/users/hp/downloads/telegram desktop/sdk_win_64/sdk_win_64/winavr/bin/../lib/gcc/avr/4.3.3/avr5\libgcc.a(_mul_sf.o)
 .debug_line    0x0000058f      0x1d5 c:/users/hp/downloads/telegram desktop/sdk_win_64/sdk_win_64/winavr/bin/../lib/gcc/avr/4.3.3/avr5\libgcc.a(_div_sf.o)
 .debug_line    0x00000764       0xd3 c:/users/hp/downloads/telegram desktop/sdk_win_64/sdk_win_64/winavr/bin/../lib/gcc/avr/4.3.3/avr5\libgcc.a(_gt_sf.o)
 .debug_line    0x00000837       0xd3 c:/users/hp/downloads/telegram desktop/sdk_win_64/sdk_win_64/winavr/bin/../lib/gcc/avr/4.3.3/avr5\libgcc.a(_ge_sf.o)
 .debug_line    0x0000090a       0xd3 c:/users/hp/downloads/telegram desktop/sdk_win_64/sdk_win_64/winavr/bin/../lib/gcc/avr/4.3.3/avr5\libgcc.a(_lt_sf.o)
 .debug_line    0x000009dd      0x109 c:/users/hp/downloads/telegram desktop/sdk_win_64/sdk_win_64/winavr/bin/../lib/gcc/avr/4.3.3/avr5\libgcc.a(_sf_to_si.o)
 .debug_line    0x00000ae6       0x90 c:/users/hp/downloads/telegram desktop/sdk_win_64/sdk_win_64/winavr/bin/../lib/gcc/avr/4.3.3/avr5\libgcc.a(_thenan_sf.o)
 .debug_line    0x00000b76      0x18a c:/users/hp/downloads/telegram desktop/sdk_win_64/sdk_win_64/winavr/bin/../lib/gcc/avr/4.3.3/avr5\libgcc.a(_pack_sf.o)
 .debug_line    0x00000d00      0x14b c:/users/hp/downloads/telegram desktop/sdk_win_64/sdk_win_64/winavr/bin/../lib/gcc/avr/4.3.3/avr5\libgcc.a(_unpack_sf.o)
 .debug_line    0x00000e4b      0x137 c:/users/hp/downloads/telegram desktop/sdk_win_64/sdk_win_64/winavr/bin/../lib/gcc/avr/4.3.3/avr5\libgcc.a(_fpcmp_parts_sf.o)

.debug_frame    0x00000000      0x180
 *(.debug_frame)
 .debug_frame   0x00000000       0x20 c:/users/hp/downloads/telegram desktop/sdk_win_64/sdk_win_64/winavr/bin/../lib/gcc/avr/4.3.3/avr5\libgcc.a(_fixunssfsi.o)
 .debug_frame   0x00000020       0x40 c:/users/hp/downloads/telegram desktop/sdk_win_64/sdk_win_64/winavr/bin/../lib/gcc/avr/4.3.3/avr5\libgcc.a(_addsub_sf.o)
 .debug_frame   0x00000060       0x20 c:/users/hp/downloads/telegram desktop/sdk_win_64/sdk_win_64/winavr/bin/../lib/gcc/avr/4.3.3/avr5\libgcc.a(_mul_sf.o)
 .debug_frame   0x00000080       0x20 c:/users/hp/downloads/telegram desktop/sdk_win_64/sdk_win_64/winavr/bin/../lib/gcc/avr/4.3.3/avr5\libgcc.a(_div_sf.o)
 .debug_frame   0x000000a0       0x20 c:/users/hp/downloads/telegram desktop/sdk_win_64/sdk_win_64/winavr/bin/../lib/gcc/avr/4.3.3/avr5\libgcc.a(_gt_sf.o)
 .debug_frame   0x000000c0       0x20 c:/users/hp/downloads/telegram desktop/sdk_win_64/sdk_win_64/winavr/bin/../lib/gcc/avr/4.3.3/avr5\libgcc.a(_ge_sf.o)
 .debug_frame   0x000000e0       0x20 c:/users/hp/downloads/telegram desktop/sdk_win_64/sdk_win_64/winavr/bin/../lib/gcc/avr/4.3.3/avr5\libgcc.a(_lt_sf.o)
 .debug_frame   0x00000100       0x20 c:/users/hp/downloads/telegram desktop/sdk_win_64/sdk_win_64/winavr/bin/../lib/gcc/avr/4.3.3/avr5\libgcc.a(_sf_to_si.o)
 .debug_frame   0x00000120       0x20 c:/users/hp/downloads/telegram desktop/sdk_win_64/sdk_win_64/winavr/bin/../lib/gcc/avr/4.3.3/avr5\libgcc.a(_pack_sf.o)
 .debug_frame   0x00000140       0x20 c:/users/hp/downloads/telegram desktop/sdk_win_64/sdk_win_64/winavr/bin/../lib/gcc/avr/4.3.3/avr5\libgcc.a(_unpack_sf.o)
 .debug_frame   0x00000160       0x20 c:/users/hp/downloads/telegram desktop/sdk_win_64/sdk_win_64/winavr/bin/../lib/gcc/avr/4.3.3/avr5\libgcc.a(_fpcmp_parts_sf.o)

.debug_str      0x00000000      0x2c2
 *(.debug_str)
 .debug_str     0x00000000       0xbf c:/users/hp/downloads/telegram desktop/sdk_win_64/sdk_win_64/winavr/bin/../lib/gcc/avr/4.3.3/avr5\libgcc.a(_fixunssfsi.o)
                                 0xfe (size before relaxing)
 .debug_str     0x000000bf      0x14d c:/users/hp/downloads/telegram desktop/sdk_win_64/sdk_win_64/winavr/bin/../lib/gcc/avr/4.3.3/avr5\libgcc.a(_addsub_sf.o)
                                0x206 (size before relaxing)
 .debug_str     0x0000020c       0x27 c:/users/hp/downloads/telegram desktop/sdk_win_64/sdk_win_64/winavr/bin/../lib/gcc/avr/4.3.3/avr5\libgcc.a(_mul_sf.o)
                                0x1bf (size before relaxing)
 .debug_str     0x00000233       0x35 c:/users/hp/downloads/telegram desktop/sdk_win_64/sdk_win_64/winavr/bin/../lib/gcc/avr/4.3.3/avr5\libgcc.a(_div_sf.o)
                                0x1c8 (size before relaxing)
 .debug_str     0x00000268        0xf c:/users/hp/downloads/telegram desktop/sdk_win_64/sdk_win_64/winavr/bin/../lib/gcc/avr/4.3.3/avr5\libgcc.a(_gt_sf.o)
                                0x195 (size before relaxing)
 .debug_str     0x00000277        0x8 c:/users/hp/downloads/telegram desktop/sdk_win_64/sdk_win_64/winavr/bin/../lib/gcc/avr/4.3.3/avr5\libgcc.a(_ge_sf.o)
                                0x195 (size before relaxing)
 .debug_str     0x0000027f        0x8 c:/users/hp/downloads/telegram desktop/sdk_win_64/sdk_win_64/winavr/bin/../lib/gcc/avr/4.3.3/avr5\libgcc.a(_lt_sf.o)
                                0x195 (size before relaxing)
 .debug_str     0x00000287        0xa c:/users/hp/downloads/telegram desktop/sdk_win_64/sdk_win_64/winavr/bin/../lib/gcc/avr/4.3.3/avr5\libgcc.a(_sf_to_si.o)
                                0x19e (size before relaxing)
 .debug_str     0x00000000      0x103 c:/users/hp/downloads/telegram desktop/sdk_win_64/sdk_win_64/winavr/bin/../lib/gcc/avr/4.3.3/avr5\libgcc.a(_thenan_sf.o)
 .debug_str     0x00000291       0x16 c:/users/hp/downloads/telegram desktop/sdk_win_64/sdk_win_64/winavr/bin/../lib/gcc/avr/4.3.3/avr5\libgcc.a(_pack_sf.o)
                                0x19d (size before relaxing)
 .debug_str     0x000002a7        0xb c:/users/hp/downloads/telegram desktop/sdk_win_64/sdk_win_64/winavr/bin/../lib/gcc/avr/4.3.3/avr5\libgcc.a(_unpack_sf.o)
                                0x17f (size before relaxing)
 .debug_str     0x000002b2       0x10 c:/users/hp/downloads/telegram desktop/sdk_win_64/sdk_win_64/winavr/bin/../lib/gcc/avr/4.3.3/avr5\libgcc.a(_fpcmp_parts_sf.o)
                                0x163 (size before relaxing)

.debug_loc      0x00000000      0x88e
 *(.debug_loc)
 .debug_loc     0x00000000       0x34 c:/users/hp/downloads/telegram desktop/sdk_win_64/sdk_win_64/winavr/bin/../lib/gcc/avr/4.3.3/avr5\libgcc.a(_fixunssfsi.o)
 .debug_loc     0x00000034      0x32a c:/users/hp/downloads/telegram desktop/sdk_win_64/sdk_win_64/winavr/bin/../lib/gcc/avr/4.3.3/avr5\libgcc.a(_addsub_sf.o)
 .debug_loc     0x0000035e      0x104 c:/users/hp/downloads/telegram desktop/sdk_win_64/sdk_win_64/winavr/bin/../lib/gcc/avr/4.3.3/avr5\libgcc.a(_mul_sf.o)
 .debug_loc     0x00000462       0xc0 c:/users/hp/downloads/telegram desktop/sdk_win_64/sdk_win_64/winavr/bin/../lib/gcc/avr/4.3.3/avr5\libgcc.a(_div_sf.o)
 .debug_loc     0x00000522       0x3c c:/users/hp/downloads/telegram desktop/sdk_win_64/sdk_win_64/winavr/bin/../lib/gcc/avr/4.3.3/avr5\libgcc.a(_gt_sf.o)
 .debug_loc     0x0000055e       0x3c c:/users/hp/downloads/telegram desktop/sdk_win_64/sdk_win_64/winavr/bin/../lib/gcc/avr/4.3.3/avr5\libgcc.a(_ge_sf.o)
 .debug_loc     0x0000059a       0x3c c:/users/hp/downloads/telegram desktop/sdk_win_64/sdk_win_64/winavr/bin/../lib/gcc/avr/4.3.3/avr5\libgcc.a(_lt_sf.o)
 .debug_loc     0x000005d6       0x7e c:/users/hp/downloads/telegram desktop/sdk_win_64/sdk_win_64/winavr/bin/../lib/gcc/avr/4.3.3/avr5\libgcc.a(_sf_to_si.o)
 .debug_loc     0x00000654      0x13e c:/users/hp/downloads/telegram desktop/sdk_win_64/sdk_win_64/winavr/bin/../lib/gcc/avr/4.3.3/avr5\libgcc.a(_pack_sf.o)
 .debug_loc     0x00000792       0xac c:/users/hp/downloads/telegram desktop/sdk_win_64/sdk_win_64/winavr/bin/../lib/gcc/avr/4.3.3/avr5\libgcc.a(_unpack_sf.o)
 .debug_loc     0x0000083e       0x50 c:/users/hp/downloads/telegram desktop/sdk_win_64/sdk_win_64/winavr/bin/../lib/gcc/avr/4.3.3/avr5\libgcc.a(_fpcmp_parts_sf.o)

.debug_macinfo
 *(.debug_macinfo)
OUTPUT(TIMER1_SERVO2.elf elf32-avr)
LOAD linker stubs

.debug_ranges   0x00000000       0x50
 .debug_ranges  0x00000000       0x50 c:/users/hp/downloads/telegram desktop/sdk_win_64/sdk_win_64/winavr/bin/../lib/gcc/avr/4.3.3/avr5\libgcc.a(_mul_sf.o)
